shader: = shader/

vert_shader:blit = shader/bin/blit.vert.spv
frag_shader:blit = shader/bin/blit.frag.spv

vert_shader:light_directional = shader/bin/light_directional.vert.spv
frag_shader:light_directional = shader/bin/light_directional.frag.spv

vert_shader:shadow_model = shader/bin/shadow_model.vert.spv
frag_shader:shadow_model = shader/bin/shadow_model.frag.spv

vert_shader:model = shader/bin/model.vert.spv
frag_shader:model = shader/bin/model.frag.spv

vert_shader:ui = shader/bin/ui.vert.spv
frag_shader:ui = shader/bin/ui.frag.spv

vert_shader:taa = shader/bin/taa.vert.spv
frag_shader:taa = shader/bin/taa.frag.spv

vert_shader:blur = shader/bin/blur.vert.spv
frag_shader:blur = shader/bin/blur.frag.spv

vert_shader:gi_blend = shader/bin/gi_blend.vert.spv
frag_shader:gi_blend = shader/bin/gi_blend.frag.spv

vert_shader:gi_mipgen = shader/bin/gi_mipgen.vert.spv
frag_shader:gi_mipgen = shader/bin/gi_mipgen.frag.spv

vert_shader:gi_sample = shader/bin/gi_sample.vert.spv
frag_shader:gi_sample = shader/bin/gi_sample.frag.spv

vert_shader:gi_sample_last = shader/bin/gi_sample_last.vert.spv
frag_shader:gi_sample_last = shader/bin/gi_sample_last.frag.spv

